// Jest Snapshot v1, https://goo.gl/fbAQLP

exports[`Empty Stack 1`] = `Object {}`;
